// Jest Snapshot v1, https://goo.gl/fbAQLP

exports[`App component renders correctly 1`] = `
<div>
  <main
    class="css-1in8n8a"
  >
    <div>
      ....mockChildrenComponent
    </div>
  </main>
</div>
`;
